Archive member included to satisfy reference by file (symbol)

c:/st/stm32cubeide_1.4.0/stm32cubeide/plugins/com.st.stm32cube.ide.mcu.externaltools.gnu-tools-for-stm32.7-2018-q2-update.win32_1.4.0.202007081208/tools/bin/../lib/gcc/arm-none-eabi/7.3.1/../../../../arm-none-eabi/lib/thumb/v7e-m/fpv4-sp/hard\libc_nano.a(lib_a-errno.o)
                              Core/Src/syscalls.o (__errno)
c:/st/stm32cubeide_1.4.0/stm32cubeide/plugins/com.st.stm32cube.ide.mcu.externaltools.gnu-tools-for-stm32.7-2018-q2-update.win32_1.4.0.202007081208/tools/bin/../lib/gcc/arm-none-eabi/7.3.1/../../../../arm-none-eabi/lib/thumb/v7e-m/fpv4-sp/hard\libc_nano.a(lib_a-exit.o)
                              c:/st/stm32cubeide_1.4.0/stm32cubeide/plugins/com.st.stm32cube.ide.mcu.externaltools.gnu-tools-for-stm32.7-2018-q2-update.win32_1.4.0.202007081208/tools/bin/../lib/gcc/arm-none-eabi/7.3.1/../../../../arm-none-eabi/lib/thumb/v7e-m/fpv4-sp/hard/crt0.o (exit)
c:/st/stm32cubeide_1.4.0/stm32cubeide/plugins/com.st.stm32cube.ide.mcu.externaltools.gnu-tools-for-stm32.7-2018-q2-update.win32_1.4.0.202007081208/tools/bin/../lib/gcc/arm-none-eabi/7.3.1/../../../../arm-none-eabi/lib/thumb/v7e-m/fpv4-sp/hard\libc_nano.a(lib_a-impure.o)
                              c:/st/stm32cubeide_1.4.0/stm32cubeide/plugins/com.st.stm32cube.ide.mcu.externaltools.gnu-tools-for-stm32.7-2018-q2-update.win32_1.4.0.202007081208/tools/bin/../lib/gcc/arm-none-eabi/7.3.1/../../../../arm-none-eabi/lib/thumb/v7e-m/fpv4-sp/hard\libc_nano.a(lib_a-exit.o) (_global_impure_ptr)
c:/st/stm32cubeide_1.4.0/stm32cubeide/plugins/com.st.stm32cube.ide.mcu.externaltools.gnu-tools-for-stm32.7-2018-q2-update.win32_1.4.0.202007081208/tools/bin/../lib/gcc/arm-none-eabi/7.3.1/../../../../arm-none-eabi/lib/thumb/v7e-m/fpv4-sp/hard\libc_nano.a(lib_a-init.o)
                              c:/st/stm32cubeide_1.4.0/stm32cubeide/plugins/com.st.stm32cube.ide.mcu.externaltools.gnu-tools-for-stm32.7-2018-q2-update.win32_1.4.0.202007081208/tools/bin/../lib/gcc/arm-none-eabi/7.3.1/../../../../arm-none-eabi/lib/thumb/v7e-m/fpv4-sp/hard/crt0.o (__libc_init_array)
c:/st/stm32cubeide_1.4.0/stm32cubeide/plugins/com.st.stm32cube.ide.mcu.externaltools.gnu-tools-for-stm32.7-2018-q2-update.win32_1.4.0.202007081208/tools/bin/../lib/gcc/arm-none-eabi/7.3.1/../../../../arm-none-eabi/lib/thumb/v7e-m/fpv4-sp/hard\libc_nano.a(lib_a-memset.o)
                              c:/st/stm32cubeide_1.4.0/stm32cubeide/plugins/com.st.stm32cube.ide.mcu.externaltools.gnu-tools-for-stm32.7-2018-q2-update.win32_1.4.0.202007081208/tools/bin/../lib/gcc/arm-none-eabi/7.3.1/../../../../arm-none-eabi/lib/thumb/v7e-m/fpv4-sp/hard/crt0.o (memset)
c:/st/stm32cubeide_1.4.0/stm32cubeide/plugins/com.st.stm32cube.ide.mcu.externaltools.gnu-tools-for-stm32.7-2018-q2-update.win32_1.4.0.202007081208/tools/bin/../lib/gcc/arm-none-eabi/7.3.1/thumb/v7e-m/fpv4-sp/hard\libgcc.a(_arm_addsubdf3.o)
                              Core/Src/temp_controller.o (__aeabi_i2d)
c:/st/stm32cubeide_1.4.0/stm32cubeide/plugins/com.st.stm32cube.ide.mcu.externaltools.gnu-tools-for-stm32.7-2018-q2-update.win32_1.4.0.202007081208/tools/bin/../lib/gcc/arm-none-eabi/7.3.1/thumb/v7e-m/fpv4-sp/hard\libgcc.a(_arm_muldivdf3.o)
                              Core/Src/temp_controller.o (__aeabi_dmul)
c:/st/stm32cubeide_1.4.0/stm32cubeide/plugins/com.st.stm32cube.ide.mcu.externaltools.gnu-tools-for-stm32.7-2018-q2-update.win32_1.4.0.202007081208/tools/bin/../lib/gcc/arm-none-eabi/7.3.1/thumb/v7e-m/fpv4-sp/hard\libgcc.a(_arm_truncdfsf2.o)
                              Core/Src/temp_controller.o (__aeabi_d2f)
c:/st/stm32cubeide_1.4.0/stm32cubeide/plugins/com.st.stm32cube.ide.mcu.externaltools.gnu-tools-for-stm32.7-2018-q2-update.win32_1.4.0.202007081208/tools/bin/../lib/gcc/arm-none-eabi/7.3.1/thumb/v7e-m/fpv4-sp/hard\libgcc.a(_aeabi_ldivmod.o)
                              Drivers/bmp280/bmp280.o (__aeabi_ldivmod)
c:/st/stm32cubeide_1.4.0/stm32cubeide/plugins/com.st.stm32cube.ide.mcu.externaltools.gnu-tools-for-stm32.7-2018-q2-update.win32_1.4.0.202007081208/tools/bin/../lib/gcc/arm-none-eabi/7.3.1/thumb/v7e-m/fpv4-sp/hard\libgcc.a(_udivmoddi4.o)
                              c:/st/stm32cubeide_1.4.0/stm32cubeide/plugins/com.st.stm32cube.ide.mcu.externaltools.gnu-tools-for-stm32.7-2018-q2-update.win32_1.4.0.202007081208/tools/bin/../lib/gcc/arm-none-eabi/7.3.1/thumb/v7e-m/fpv4-sp/hard\libgcc.a(_aeabi_ldivmod.o) (__udivmoddi4)
c:/st/stm32cubeide_1.4.0/stm32cubeide/plugins/com.st.stm32cube.ide.mcu.externaltools.gnu-tools-for-stm32.7-2018-q2-update.win32_1.4.0.202007081208/tools/bin/../lib/gcc/arm-none-eabi/7.3.1/thumb/v7e-m/fpv4-sp/hard\libgcc.a(_dvmd_tls.o)
                              c:/st/stm32cubeide_1.4.0/stm32cubeide/plugins/com.st.stm32cube.ide.mcu.externaltools.gnu-tools-for-stm32.7-2018-q2-update.win32_1.4.0.202007081208/tools/bin/../lib/gcc/arm-none-eabi/7.3.1/thumb/v7e-m/fpv4-sp/hard\libgcc.a(_aeabi_ldivmod.o) (__aeabi_ldiv0)

Allocating common symbols
[...]
Memory Configuration

Name             Origin             Length             Attributes
RAM              0x0000000020000000 0x0000000000008000 xrw
FLASH            0x0000000008000000 0x0000000000040000 xr
*default*        0x0000000000000000 0xffffffffffffffff

Linker script and memory map

LOAD c:/st/stm32cubeide_1.4.0/stm32cubeide/plugins/com.st.stm32cube.ide.mcu.externaltools.gnu-tools-for-stm32.7-2018-q2-update.win32_1.4.0.202007081208/tools/bin/../lib/gcc/arm-none-eabi/7.3.1/thumb/v7e-m/fpv4-sp/hard/crti.o
LOAD c:/st/stm32cubeide_1.4.0/stm32cubeide/plugins/com.st.stm32cube.ide.mcu.externaltools.gnu-tools-for-stm32.7-2018-q2-update.win32_1.4.0.202007081208/tools/bin/../lib/gcc/arm-none-eabi/7.3.1/thumb/v7e-m/fpv4-sp/hard/crtbegin.o
LOAD c:/st/stm32cubeide_1.4.0/stm32cubeide/plugins/com.st.stm32cube.ide.mcu.externaltools.gnu-tools-for-stm32.7-2018-q2-update.win32_1.4.0.202007081208/tools/bin/../lib/gcc/arm-none-eabi/7.3.1/../../../../arm-none-eabi/lib/thumb/v7e-m/fpv4-sp/hard/crt0.o
LOAD Core/Src/fonts.o
LOAD Core/Src/main.o
LOAD Core/Src/ssd1306.o
LOAD Core/Src/stm32f3xx_hal_msp.o
LOAD Core/Src/stm32f3xx_it.o
LOAD Core/Src/syscalls.o
LOAD Core/Src/sysmem.o
LOAD Core/Src/system_stm32f3xx.o
LOAD Core/Src/temp_controller.o
LOAD Core/Startup/startup_stm32f373cctx.o
LOAD Drivers/STM32F3xx_HAL_Driver/Src/stm32f3xx_hal.o
LOAD Drivers/STM32F3xx_HAL_Driver/Src/stm32f3xx_hal_cortex.o
LOAD Drivers/STM32F3xx_HAL_Driver/Src/stm32f3xx_hal_dma.o
LOAD Drivers/STM32F3xx_HAL_Driver/Src/stm32f3xx_hal_exti.o
LOAD Drivers/STM32F3xx_HAL_Driver/Src/stm32f3xx_hal_flash.o
LOAD Drivers/STM32F3xx_HAL_Driver/Src/stm32f3xx_hal_flash_ex.o
LOAD Drivers/STM32F3xx_HAL_Driver/Src/stm32f3xx_hal_gpio.o
LOAD Drivers/STM32F3xx_HAL_Driver/Src/stm32f3xx_hal_i2c.o
LOAD Drivers/STM32F3xx_HAL_Driver/Src/stm32f3xx_hal_i2c_ex.o
LOAD Drivers/STM32F3xx_HAL_Driver/Src/stm32f3xx_hal_pwr.o
LOAD Drivers/STM32F3xx_HAL_Driver/Src/stm32f3xx_hal_pwr_ex.o
LOAD Drivers/STM32F3xx_HAL_Driver/Src/stm32f3xx_hal_rcc.o
LOAD Drivers/STM32F3xx_HAL_Driver/Src/stm32f3xx_hal_rcc_ex.o
LOAD Drivers/STM32F3xx_HAL_Driver/Src/stm32f3xx_hal_sdadc.o
LOAD Drivers/STM32F3xx_HAL_Driver/Src/stm32f3xx_hal_tim.o
LOAD Drivers/STM32F3xx_HAL_Driver/Src/stm32f3xx_hal_tim_ex.o
LOAD Drivers/bmp280/bmp280.o
START GROUP
LOAD c:/st/stm32cubeide_1.4.0/stm32cubeide/plugins/com.st.stm32cube.ide.mcu.externaltools.gnu-tools-for-stm32.7-2018-q2-update.win32_1.4.0.202007081208/tools/bin/../lib/gcc/arm-none-eabi/7.3.1/../../../../arm-none-eabi/lib/thumb/v7e-m/fpv4-sp/hard\libc_nano.a
LOAD c:/st/stm32cubeide_1.4.0/stm32cubeide/plugins/com.st.stm32cube.ide.mcu.externaltools.gnu-tools-for-stm32.7-2018-q2-update.win32_1.4.0.202007081208/tools/bin/../lib/gcc/arm-none-eabi/7.3.1/../../../../arm-none-eabi/lib/thumb/v7e-m/fpv4-sp/hard\libm.a
END GROUP
START GROUP
LOAD c:/st/stm32cubeide_1.4.0/stm32cubeide/plugins/com.st.stm32cube.ide.mcu.externaltools.gnu-tools-for-stm32.7-2018-q2-update.win32_1.4.0.202007081208/tools/bin/../lib/gcc/arm-none-eabi/7.3.1/thumb/v7e-m/fpv4-sp/hard\libgcc.a
LOAD c:/st/stm32cubeide_1.4.0/stm32cubeide/plugins/com.st.stm32cube.ide.mcu.externaltools.gnu-tools-for-stm32.7-2018-q2-update.win32_1.4.0.202007081208/tools/bin/../lib/gcc/arm-none-eabi/7.3.1/../../../../arm-none-eabi/lib/thumb/v7e-m/fpv4-sp/hard\libc_nano.a
END GROUP
START GROUP
LOAD c:/st/stm32cubeide_1.4.0/stm32cubeide/plugins/com.st.stm32cube.ide.mcu.externaltools.gnu-tools-for-stm32.7-2018-q2-update.win32_1.4.0.202007081208/tools/bin/../lib/gcc/arm-none-eabi/7.3.1/thumb/v7e-m/fpv4-sp/hard\libgcc.a
LOAD c:/st/stm32cubeide_1.4.0/stm32cubeide/plugins/com.st.stm32cube.ide.mcu.externaltools.gnu-tools-for-stm32.7-2018-q2-update.win32_1.4.0.202007081208/tools/bin/../lib/gcc/arm-none-eabi/7.3.1/../../../../arm-none-eabi/lib/thumb/v7e-m/fpv4-sp/hard\libc_nano.a
LOAD c:/st/stm32cubeide_1.4.0/stm32cubeide/plugins/com.st.stm32cube.ide.mcu.externaltools.gnu-tools-for-stm32.7-2018-q2-update.win32_1.4.0.202007081208/tools/bin/../lib/gcc/arm-none-eabi/7.3.1/../../../../arm-none-eabi/lib/thumb/v7e-m/fpv4-sp/hard\libnosys.a
END GROUP
START GROUP
LOAD c:/st/stm32cubeide_1.4.0/stm32cubeide/plugins/com.st.stm32cube.ide.mcu.externaltools.gnu-tools-for-stm32.7-2018-q2-update.win32_1.4.0.202007081208/tools/bin/../lib/gcc/arm-none-eabi/7.3.1/thumb/v7e-m/fpv4-sp/hard\libgcc.a
LOAD c:/st/stm32cubeide_1.4.0/stm32cubeide/plugins/com.st.stm32cube.ide.mcu.externaltools.gnu-tools-for-stm32.7-2018-q2-update.win32_1.4.0.202007081208/tools/bin/../lib/gcc/arm-none-eabi/7.3.1/../../../../arm-none-eabi/lib/thumb/v7e-m/fpv4-sp/hard\libc_nano.a
LOAD c:/st/stm32cubeide_1.4.0/stm32cubeide/plugins/com.st.stm32cube.ide.mcu.externaltools.gnu-tools-for-stm32.7-2018-q2-update.win32_1.4.0.202007081208/tools/bin/../lib/gcc/arm-none-eabi/7.3.1/../../../../arm-none-eabi/lib/thumb/v7e-m/fpv4-sp/hard\libnosys.a
END GROUP
LOAD c:/st/stm32cubeide_1.4.0/stm32cubeide/plugins/com.st.stm32cube.ide.mcu.externaltools.gnu-tools-for-stm32.7-2018-q2-update.win32_1.4.0.202007081208/tools/bin/../lib/gcc/arm-none-eabi/7.3.1/thumb/v7e-m/fpv4-sp/hard/crtend.o
LOAD c:/st/stm32cubeide_1.4.0/stm32cubeide/plugins/com.st.stm32cube.ide.mcu.externaltools.gnu-tools-for-stm32.7-2018-q2-update.win32_1.4.0.202007081208/tools/bin/../lib/gcc/arm-none-eabi/7.3.1/thumb/v7e-m/fpv4-sp/hard/crtn.o
                0x0000000020008000                _estack = (ORIGIN (RAM) + LENGTH (RAM))
                0x0000000000000200                _Min_Heap_Size = 0x200
                0x0000000000000400                _Min_Stack_Size = 0x400

.isr_vector     0x0000000008000000      0x188
                0x0000000008000000                . = ALIGN (0x4)
 *(.isr_vector)
 .isr_vector    0x0000000008000000      0x188 Core/Startup/startup_stm32f373cctx.o
                0x0000000008000000                g_pfnVectors
                0x0000000008000188                . = ALIGN (0x4)

.text           0x0000000008000188     0x5028
                0x0000000008000188                . = ALIGN (0x4)
 *(.text)
 .text          0x0000000008000188       0x40 c:/st/stm32cubeide_1.4.0/stm32cubeide/plugins/com.st.stm32cube.ide.mcu.externaltools.gnu-tools-for-stm32.7-2018-q2-update.win32_1.4.0.202007081208/tools/bin/../lib/gcc/arm-none-eabi/7.3.1/thumb/v7e-m/fpv4-sp/hard/crtbegin.o
 .text          0x00000000080001c8      0x378 c:/st/stm32cubeide_1.4.0/stm32cubeide/plugins/com.st.stm32cube.ide.mcu.externaltools.gnu-tools-for-stm32.7-2018-q2-update.win32_1.4.0.202007081208/tools/bin/../lib/gcc/arm-none-eabi/7.3.1/thumb/v7e-m/fpv4-sp/hard\libgcc.a(_arm_addsubdf3.o)
                0x00000000080001c8                __aeabi_drsub
                0x00000000080001d0                __aeabi_dsub
                0x00000000080001d0                __subdf3
                0x00000000080001d4                __aeabi_dadd
                0x00000000080001d4                __adddf3
                0x000000000800044c                __floatunsidf
                0x000000000800044c                __aeabi_ui2d
                0x000000000800046c                __floatsidf
                0x000000000800046c                __aeabi_i2d
                0x0000000008000490                __aeabi_f2d
                0x0000000008000490                __extendsfdf2
                0x00000000080004d4                __floatundidf
                0x00000000080004d4                __aeabi_ul2d
                0x00000000080004e4                __floatdidf
                0x00000000080004e4                __aeabi_l2d
 .text          0x0000000008000540      0x424 c:/st/stm32cubeide_1.4.0/stm32cubeide/plugins/com.st.stm32cube.ide.mcu.externaltools.gnu-tools-for-stm32.7-2018-q2-update.win32_1.4.0.202007081208/tools/bin/../lib/gcc/arm-none-eabi/7.3.1/thumb/v7e-m/fpv4-sp/hard\libgcc.a(_arm_muldivdf3.o)
                0x0000000008000540                __aeabi_dmul
                0x0000000008000540                __muldf3
                0x0000000008000794                __divdf3
                0x0000000008000794                __aeabi_ddiv
 .text          0x0000000008000964       0xa0 c:/st/stm32cubeide_1.4.0/stm32cubeide/plugins/com.st.stm32cube.ide.mcu.externaltools.gnu-tools-for-stm32.7-2018-q2-update.win32_1.4.0.202007081208/tools/bin/../lib/gcc/arm-none-eabi/7.3.1/thumb/v7e-m/fpv4-sp/hard\libgcc.a(_arm_truncdfsf2.o)
                0x0000000008000964                __truncdfsf2
                0x0000000008000964                __aeabi_d2f
 *(.text*)
 .text.main     0x0000000008000a04       0x74 Core/Src/main.o
                0x0000000008000a04                main
 .text.SystemClock_Config
                0x0000000008000a78       0xb4 Core/Src/main.o
                0x0000000008000a78                SystemClock_Config
 .text.MX_I2C1_Init
                0x0000000008000b2c       0x80 Core/Src/main.o
 .text.MX_I2C2_Init
                0x0000000008000bac       0x80 Core/Src/main.o
 .text.MX_SDADC1_Init
                0x0000000008000c2c       0x88 Core/Src/main.o
 .text.MX_TIM2_Init
                0x0000000008000cb4      0x100 Core/Src/main.o
 .text.MX_DMA_Init
                0x0000000008000db4       0x3c Core/Src/main.o
 .text.MX_GPIO_Init
                0x0000000008000df0      0x130 Core/Src/main.o
 .text.Error_Handler
                0x0000000008000f20        0xe Core/Src/main.o
                0x0000000008000f20                Error_Handler
 *fill*         0x0000000008000f2e        0x2 
 .text.ssd1306_WriteCommand
                0x0000000008000f30       0x30 Core/Src/ssd1306.o
 .text.ssd1306_Init
                0x0000000008000f60       0xd8 Core/Src/ssd1306.o
                0x0000000008000f60                ssd1306_Init
 .text.ssd1306_Fill
                0x0000000008001038       0x44 Core/Src/ssd1306.o
                0x0000000008001038                ssd1306_Fill
 .text.ssd1306_UpdateScreen
                0x000000000800107c       0x60 Core/Src/ssd1306.o
                0x000000000800107c                ssd1306_UpdateScreen
 .text.HAL_MspInit
                0x00000000080010dc       0x48 Core/Src/stm32f3xx_hal_msp.o
                0x00000000080010dc                HAL_MspInit
 .text.HAL_I2C_MspInit
                0x0000000008001124       0xec Core/Src/stm32f3xx_hal_msp.o
                0x0000000008001124                HAL_I2C_MspInit
 .text.HAL_SDADC_MspInit
                0x0000000008001210      0x120 Core/Src/stm32f3xx_hal_msp.o
                0x0000000008001210                HAL_SDADC_MspInit
 .text.HAL_TIM_Base_MspInit
                0x0000000008001330       0x3c Core/Src/stm32f3xx_hal_msp.o
                0x0000000008001330                HAL_TIM_Base_MspInit
 .text.HAL_TIM_MspPostInit
                0x000000000800136c       0x68 Core/Src/stm32f3xx_hal_msp.o
                0x000000000800136c                HAL_TIM_MspPostInit
 .text.NMI_Handler
                0x00000000080013d4        0xe Core/Src/stm32f3xx_it.o
                0x00000000080013d4                NMI_Handler
 .text.HardFault_Handler
                0x00000000080013e2        0x6 Core/Src/stm32f3xx_it.o
                0x00000000080013e2                HardFault_Handler
 .text.MemManage_Handler
                0x00000000080013e8        0x6 Core/Src/stm32f3xx_it.o
                0x00000000080013e8                MemManage_Handler
 .text.BusFault_Handler
                0x00000000080013ee        0x6 Core/Src/stm32f3xx_it.o
                0x00000000080013ee                BusFault_Handler
 .text.UsageFault_Handler
                0x00000000080013f4        0x6 Core/Src/stm32f3xx_it.o
                0x00000000080013f4                UsageFault_Handler
 .text.SVC_Handler
                0x00000000080013fa        0xe Core/Src/stm32f3xx_it.o
                0x00000000080013fa                SVC_Handler
 .text.DebugMon_Handler
                0x0000000008001408        0xe Core/Src/stm32f3xx_it.o
                0x0000000008001408                DebugMon_Handler
 .text.PendSV_Handler
                0x0000000008001416        0xe Core/Src/stm32f3xx_it.o
                0x0000000008001416                PendSV_Handler
 .text.SysTick_Handler
                0x0000000008001424        0xc Core/Src/stm32f3xx_it.o
                0x0000000008001424                SysTick_Handler
 .text.EXTI15_10_IRQHandler
                0x0000000008001430       0x20 Core/Src/stm32f3xx_it.o
                0x0000000008001430                EXTI15_10_IRQHandler
 .text.DMA2_Channel3_IRQHandler
                0x0000000008001450       0x14 Core/Src/stm32f3xx_it.o
                0x0000000008001450                DMA2_Channel3_IRQHandler
 .text.SDADC1_IRQHandler
                0x0000000008001464       0x14 Core/Src/stm32f3xx_it.o
                0x0000000008001464                SDADC1_IRQHandler
 .text.SystemInit
                0x0000000008001478       0x2c Core/Src/system_stm32f3xx.o
                0x0000000008001478                SystemInit
 .text.toggle_green_LED
                0x00000000080014a4       0x26 Core/Src/temp_controller.o
                0x00000000080014a4                toggle_green_LED
 .text.toggle_red_LED
                0x00000000080014ca       0x26 Core/Src/temp_controller.o
                0x00000000080014ca                toggle_red_LED
 .text.blink    0x00000000080014f0       0x18 Core/Src/temp_controller.o
                0x00000000080014f0                blink
 .text.start_pwm
                0x0000000008001508       0x20 Core/Src/temp_controller.o
                0x0000000008001508                start_pwm
 .text.update_pid
                0x0000000008001528        0xe Core/Src/temp_controller.o
                0x0000000008001528                update_pid
 *fill*         0x0000000008001536        0x2 
 .text.HAL_GPIO_EXTI_Callback
                0x0000000008001538       0x94 Core/Src/temp_controller.o
                0x0000000008001538                HAL_GPIO_EXTI_Callback
 *fill*         0x00000000080015cc        0x4 
 .text.HAL_SDADC_ConvCpltCallback
                0x00000000080015d0       0xf4 Core/Src/temp_controller.o
                0x00000000080015d0                HAL_SDADC_ConvCpltCallback
 .text.lookup_temp
                0x00000000080016c4      0x164 Core/Src/temp_controller.o
                0x00000000080016c4                lookup_temp
 .text.Reset_Handler
                0x0000000008001828       0x50 Core/Startup/startup_stm32f373cctx.o
                0x0000000008001828                Reset_Handler
 .text.Default_Handler
                0x0000000008001878        0x2 Core/Startup/startup_stm32f373cctx.o
                0x0000000008001878                RTC_Alarm_IRQHandler
                0x0000000008001878                USB_HP_IRQHandler
                0x0000000008001878                PVD_IRQHandler
                0x0000000008001878                TAMP_STAMP_IRQHandler
                0x0000000008001878                EXTI3_IRQHandler
                0x0000000008001878                EXTI0_IRQHandler
                0x0000000008001878                I2C2_EV_IRQHandler
                0x0000000008001878                FPU_IRQHandler
                0x0000000008001878                CAN_TX_IRQHandler
                0x0000000008001878                SPI1_IRQHandler
                0x0000000008001878                CAN_SCE_IRQHandler
                0x0000000008001878                DMA2_Channel2_IRQHandler
                0x0000000008001878                DMA1_Channel4_IRQHandler
                0x0000000008001878                ADC1_IRQHandler
                0x0000000008001878                TIM17_IRQHandler
                0x0000000008001878                USART3_IRQHandler
                0x0000000008001878                DMA1_Channel7_IRQHandler
                0x0000000008001878                TIM4_IRQHandler
                0x0000000008001878                CAN_RX1_IRQHandler
                0x0000000008001878                DMA2_Channel1_IRQHandler
                0x0000000008001878                I2C1_EV_IRQHandler
                0x0000000008001878                DMA1_Channel6_IRQHandler
                0x0000000008001878                TIM16_IRQHandler
                0x0000000008001878                DMA2_Channel4_IRQHandler
                0x0000000008001878                TIM3_IRQHandler
                0x0000000008001878                RCC_IRQHandler
                0x0000000008001878                DMA1_Channel1_IRQHandler
                0x0000000008001878                Default_Handler
                0x0000000008001878                CEC_IRQHandler
                0x0000000008001878                TIM14_IRQHandler
                0x0000000008001878                TIM13_IRQHandler
                0x0000000008001878                TIM12_IRQHandler
                0x0000000008001878                TIM7_IRQHandler
                0x0000000008001878                TIM5_IRQHandler
                0x0000000008001878                SDADC2_IRQHandler
                0x0000000008001878                TIM15_IRQHandler
                0x0000000008001878                TIM6_DAC1_IRQHandler
                0x0000000008001878                EXTI9_5_IRQHandler
                0x0000000008001878                RTC_WKUP_IRQHandler
                0x0000000008001878                SPI2_IRQHandler
                0x0000000008001878                DMA2_Channel5_IRQHandler
                0x0000000008001878                DMA1_Channel5_IRQHandler
                0x0000000008001878                USB_LP_IRQHandler
                0x0000000008001878                EXTI4_IRQHandler
                0x0000000008001878                COMP1_2_IRQHandler
                0x0000000008001878                TIM18_DAC2_IRQHandler
                0x0000000008001878                DMA1_Channel3_IRQHandler
                0x0000000008001878                WWDG_IRQHandler
                0x0000000008001878                TIM2_IRQHandler
                0x0000000008001878                EXTI1_IRQHandler
                0x0000000008001878                SDADC3_IRQHandler
                0x0000000008001878                USART2_IRQHandler
                0x0000000008001878                TIM19_IRQHandler
                0x0000000008001878                I2C2_ER_IRQHandler
                0x0000000008001878                DMA1_Channel2_IRQHandler
                0x0000000008001878                FLASH_IRQHandler
                0x0000000008001878                USART1_IRQHandler
                0x0000000008001878                SPI3_IRQHandler
                0x0000000008001878                CAN_RX0_IRQHandler
                0x0000000008001878                I2C1_ER_IRQHandler
                0x0000000008001878                USBWakeUp_IRQHandler
                0x0000000008001878                EXTI2_TSC_IRQHandler
 *fill*         0x000000000800187a        0x2 
 .text.HAL_Init
                0x000000000800187c       0x2c Drivers/STM32F3xx_HAL_Driver/Src/stm32f3xx_hal.o
                0x000000000800187c                HAL_Init
 .text.HAL_InitTick
                0x00000000080018a8       0x60 Drivers/STM32F3xx_HAL_Driver/Src/stm32f3xx_hal.o
                0x00000000080018a8                HAL_InitTick
 .text.HAL_IncTick
                0x0000000008001908       0x28 Drivers/STM32F3xx_HAL_Driver/Src/stm32f3xx_hal.o
                0x0000000008001908                HAL_IncTick
 .text.HAL_GetTick
                0x0000000008001930       0x18 Drivers/STM32F3xx_HAL_Driver/Src/stm32f3xx_hal.o
                0x0000000008001930                HAL_GetTick
 .text.HAL_Delay
                0x0000000008001948       0x44 Drivers/STM32F3xx_HAL_Driver/Src/stm32f3xx_hal.o
                0x0000000008001948                HAL_Delay
 .text.__NVIC_SetPriorityGrouping
                0x000000000800198c       0x48 Drivers/STM32F3xx_HAL_Driver/Src/stm32f3xx_hal_cortex.o
 .text.__NVIC_GetPriorityGrouping
                0x00000000080019d4       0x1c Drivers/STM32F3xx_HAL_Driver/Src/stm32f3xx_hal_cortex.o
 .text.__NVIC_EnableIRQ
                0x00000000080019f0       0x3c Drivers/STM32F3xx_HAL_Driver/Src/stm32f3xx_hal_cortex.o
 .text.__NVIC_SetPriority
                0x0000000008001a2c       0x54 Drivers/STM32F3xx_HAL_Driver/Src/stm32f3xx_hal_cortex.o
 .text.NVIC_EncodePriority
                0x0000000008001a80       0x66 Drivers/STM32F3xx_HAL_Driver/Src/stm32f3xx_hal_cortex.o
 *fill*         0x0000000008001ae6        0x2 
 .text.SysTick_Config
                0x0000000008001ae8       0x44 Drivers/STM32F3xx_HAL_Driver/Src/stm32f3xx_hal_cortex.o
 .text.HAL_NVIC_SetPriorityGrouping
                0x0000000008001b2c       0x16 Drivers/STM32F3xx_HAL_Driver/Src/stm32f3xx_hal_cortex.o
                0x0000000008001b2c                HAL_NVIC_SetPriorityGrouping
 .text.HAL_NVIC_SetPriority
                0x0000000008001b42       0x38 Drivers/STM32F3xx_HAL_Driver/Src/stm32f3xx_hal_cortex.o
                0x0000000008001b42                HAL_NVIC_SetPriority
 .text.HAL_NVIC_EnableIRQ
                0x0000000008001b7a       0x1c Drivers/STM32F3xx_HAL_Driver/Src/stm32f3xx_hal_cortex.o
                0x0000000008001b7a                HAL_NVIC_EnableIRQ
 .text.HAL_SYSTICK_Config
                0x0000000008001b96       0x18 Drivers/STM32F3xx_HAL_Driver/Src/stm32f3xx_hal_cortex.o
                0x0000000008001b96                HAL_SYSTICK_Config
 .text.HAL_DMA_Init
                0x0000000008001bae       0x8e Drivers/STM32F3xx_HAL_Driver/Src/stm32f3xx_hal_dma.o
                0x0000000008001bae                HAL_DMA_Init
 .text.HAL_DMA_Start_IT
                0x0000000008001c3c       0xbe Drivers/STM32F3xx_HAL_Driver/Src/stm32f3xx_hal_dma.o
                0x0000000008001c3c                HAL_DMA_Start_IT
 .text.HAL_DMA_IRQHandler
                0x0000000008001cfa      0x146 Drivers/STM32F3xx_HAL_Driver/Src/stm32f3xx_hal_dma.o
                0x0000000008001cfa                HAL_DMA_IRQHandler
 .text.DMA_SetConfig
                0x0000000008001e40       0x5c Drivers/STM32F3xx_HAL_Driver/Src/stm32f3xx_hal_dma.o
 .text.DMA_CalcBaseAndBitshift
                0x0000000008001e9c       0x78 Drivers/STM32F3xx_HAL_Driver/Src/stm32f3xx_hal_dma.o
 .text.HAL_GPIO_Init
                0x0000000008001f14      0x2f4 Drivers/STM32F3xx_HAL_Driver/Src/stm32f3xx_hal_gpio.o
                0x0000000008001f14                HAL_GPIO_Init
 .text.HAL_GPIO_ReadPin
                0x0000000008002208       0x30 Drivers/STM32F3xx_HAL_Driver/Src/stm32f3xx_hal_gpio.o
                0x0000000008002208                HAL_GPIO_ReadPin
 .text.HAL_GPIO_WritePin
                0x0000000008002238       0x30 Drivers/STM32F3xx_HAL_Driver/Src/stm32f3xx_hal_gpio.o
                0x0000000008002238                HAL_GPIO_WritePin
 .text.HAL_GPIO_EXTI_IRQHandler
                0x0000000008002268       0x30 Drivers/STM32F3xx_HAL_Driver/Src/stm32f3xx_hal_gpio.o
                0x0000000008002268                HAL_GPIO_EXTI_IRQHandler
 .text.HAL_I2C_Init
                0x0000000008002298      0x11e Drivers/STM32F3xx_HAL_Driver/Src/stm32f3xx_hal_i2c.o
                0x0000000008002298                HAL_I2C_Init
 *fill*         0x00000000080023b6        0x2 
 .text.HAL_I2C_Mem_Write
                0x00000000080023b8      0x228 Drivers/STM32F3xx_HAL_Driver/Src/stm32f3xx_hal_i2c.o
                0x00000000080023b8                HAL_I2C_Mem_Write
 .text.I2C_RequestMemoryWrite
                0x00000000080025e0       0xa8 Drivers/STM32F3xx_HAL_Driver/Src/stm32f3xx_hal_i2c.o
 .text.I2C_Flush_TXDR
                0x0000000008002688       0x48 Drivers/STM32F3xx_HAL_Driver/Src/stm32f3xx_hal_i2c.o
 .text.I2C_WaitOnFlagUntilTimeout
                0x00000000080026d0       0x80 Drivers/STM32F3xx_HAL_Driver/Src/stm32f3xx_hal_i2c.o
 .text.I2C_WaitOnTXISFlagUntilTimeout
                0x0000000008002750       0x80 Drivers/STM32F3xx_HAL_Driver/Src/stm32f3xx_hal_i2c.o
 .text.I2C_WaitOnSTOPFlagUntilTimeout
                0x00000000080027d0       0x78 Drivers/STM32F3xx_HAL_Driver/Src/stm32f3xx_hal_i2c.o
 .text.I2C_IsAcknowledgeFailed
                0x0000000008002848       0xcc Drivers/STM32F3xx_HAL_Driver/Src/stm32f3xx_hal_i2c.o
 .text.I2C_TransferConfig
                0x0000000008002914       0x5c Drivers/STM32F3xx_HAL_Driver/Src/stm32f3xx_hal_i2c.o
 .text.HAL_I2CEx_ConfigAnalogFilter
                0x0000000008002970       0x96 Drivers/STM32F3xx_HAL_Driver/Src/stm32f3xx_hal_i2c_ex.o
                0x0000000008002970                HAL_I2CEx_ConfigAnalogFilter
 .text.HAL_I2CEx_ConfigDigitalFilter
                0x0000000008002a06       0x98 Drivers/STM32F3xx_HAL_Driver/Src/stm32f3xx_hal_i2c_ex.o
                0x0000000008002a06                HAL_I2CEx_ConfigDigitalFilter
 *fill*         0x0000000008002a9e        0x2 
 .text.HAL_PWREx_EnableSDADC
                0x0000000008002aa0       0x40 Drivers/STM32F3xx_HAL_Driver/Src/stm32f3xx_hal_pwr_ex.o
                0x0000000008002aa0                HAL_PWREx_EnableSDADC
 .text.HAL_RCC_OscConfig
                0x0000000008002ae0      0xe10 Drivers/STM32F3xx_HAL_Driver/Src/stm32f3xx_hal_rcc.o
                0x0000000008002ae0                HAL_RCC_OscConfig
 .text.HAL_RCC_ClockConfig
                0x00000000080038f0      0x2f8 Drivers/STM32F3xx_HAL_Driver/Src/stm32f3xx_hal_rcc.o
                0x00000000080038f0                HAL_RCC_ClockConfig
 .text.HAL_RCC_GetSysClockFreq
                0x0000000008003be8       0xd4 Drivers/STM32F3xx_HAL_Driver/Src/stm32f3xx_hal_rcc.o
                0x0000000008003be8                HAL_RCC_GetSysClockFreq
 .text.HAL_RCCEx_PeriphCLKConfig
                0x0000000008003cbc      0x2e8 Drivers/STM32F3xx_HAL_Driver/Src/stm32f3xx_hal_rcc_ex.o
                0x0000000008003cbc                HAL_RCCEx_PeriphCLKConfig
 .text.HAL_SDADC_Init
                0x0000000008003fa4      0x108 Drivers/STM32F3xx_HAL_Driver/Src/stm32f3xx_hal_sdadc.o
                0x0000000008003fa4                HAL_SDADC_Init
 .text.HAL_SDADC_PrepareChannelConfig
                0x00000000080040ac       0x76 Drivers/STM32F3xx_HAL_Driver/Src/stm32f3xx_hal_sdadc.o
                0x00000000080040ac                HAL_SDADC_PrepareChannelConfig
 *fill*         0x0000000008004122        0x2 
 .text.HAL_SDADC_SelectRegularTrigger
                0x0000000008004124       0x60 Drivers/STM32F3xx_HAL_Driver/Src/stm32f3xx_hal_sdadc.o
                0x0000000008004124                HAL_SDADC_SelectRegularTrigger
 .text.HAL_SDADC_CalibrationStart
                0x0000000008004184       0x80 Drivers/STM32F3xx_HAL_Driver/Src/stm32f3xx_hal_sdadc.o
                0x0000000008004184                HAL_SDADC_CalibrationStart
 .text.HAL_SDADC_PollForCalibEvent
                0x0000000008004204       0x72 Drivers/STM32F3xx_HAL_Driver/Src/stm32f3xx_hal_sdadc.o
                0x0000000008004204                HAL_SDADC_PollForCalibEvent
 *fill*         0x0000000008004276        0x2 
 .text.HAL_SDADC_Start_DMA
                0x0000000008004278       0xfc Drivers/STM32F3xx_HAL_Driver/Src/stm32f3xx_hal_sdadc.o
                0x0000000008004278                HAL_SDADC_Start_DMA
 .text.HAL_SDADC_IRQHandler
                0x0000000008004374      0x1aa Drivers/STM32F3xx_HAL_Driver/Src/stm32f3xx_hal_sdadc.o
                0x0000000008004374                HAL_SDADC_IRQHandler
 .text.HAL_SDADC_CalibrationCpltCallback
                0x000000000800451e       0x14 Drivers/STM32F3xx_HAL_Driver/Src/stm32f3xx_hal_sdadc.o
                0x000000000800451e                HAL_SDADC_CalibrationCpltCallback
 .text.HAL_SDADC_ConvHalfCpltCallback
                0x0000000008004532       0x14 Drivers/STM32F3xx_HAL_Driver/Src/stm32f3xx_hal_sdadc.o
                0x0000000008004532                HAL_SDADC_ConvHalfCpltCallback
 .text.HAL_SDADC_InjectedConvCpltCallback
                0x0000000008004546       0x14 Drivers/STM32F3xx_HAL_Driver/Src/stm32f3xx_hal_sdadc.o
                0x0000000008004546                HAL_SDADC_InjectedConvCpltCallback
 .text.HAL_SDADC_ErrorCallback
                0x000000000800455a       0x14 Drivers/STM32F3xx_HAL_Driver/Src/stm32f3xx_hal_sdadc.o
                0x000000000800455a                HAL_SDADC_ErrorCallback
 .text.SDADC_DMARegularHalfConvCplt
                0x000000000800456e       0x1c Drivers/STM32F3xx_HAL_Driver/Src/stm32f3xx_hal_sdadc.o
 .text.SDADC_DMARegularConvCplt
                0x000000000800458a       0x1c Drivers/STM32F3xx_HAL_Driver/Src/stm32f3xx_hal_sdadc.o
 .text.SDADC_DMAError
                0x00000000080045a6       0x22 Drivers/STM32F3xx_HAL_Driver/Src/stm32f3xx_hal_sdadc.o
 .text.SDADC_EnterInitMode
                0x00000000080045c8       0x46 Drivers/STM32F3xx_HAL_Driver/Src/stm32f3xx_hal_sdadc.o
 .text.SDADC_ExitInitMode
                0x000000000800460e       0x24 Drivers/STM32F3xx_HAL_Driver/Src/stm32f3xx_hal_sdadc.o
 .text.SDADC_RegConvStart
                0x0000000008004632       0x7c Drivers/STM32F3xx_HAL_Driver/Src/stm32f3xx_hal_sdadc.o
 .text.HAL_TIM_Base_Init
                0x00000000080046ae       0x56 Drivers/STM32F3xx_HAL_Driver/Src/stm32f3xx_hal_tim.o
                0x00000000080046ae                HAL_TIM_Base_Init
 .text.HAL_TIM_PWM_Init
                0x0000000008004704       0x56 Drivers/STM32F3xx_HAL_Driver/Src/stm32f3xx_hal_tim.o
                0x0000000008004704                HAL_TIM_PWM_Init
 .text.HAL_TIM_PWM_MspInit
                0x000000000800475a       0x14 Drivers/STM32F3xx_HAL_Driver/Src/stm32f3xx_hal_tim.o
                0x000000000800475a                HAL_TIM_PWM_MspInit
 *fill*         0x000000000800476e        0x2 
 .text.HAL_TIM_PWM_Start
                0x0000000008004770       0x88 Drivers/STM32F3xx_HAL_Driver/Src/stm32f3xx_hal_tim.o
                0x0000000008004770                HAL_TIM_PWM_Start
 .text.HAL_TIM_PWM_ConfigChannel
                0x00000000080047f8      0x18c Drivers/STM32F3xx_HAL_Driver/Src/stm32f3xx_hal_tim.o
                0x00000000080047f8                HAL_TIM_PWM_ConfigChannel
 .text.HAL_TIM_ConfigClockSource
                0x0000000008004984      0x16e Drivers/STM32F3xx_HAL_Driver/Src/stm32f3xx_hal_tim.o
                0x0000000008004984                HAL_TIM_ConfigClockSource
 *fill*         0x0000000008004af2        0x2 
 .text.TIM_Base_SetConfig
                0x0000000008004af4      0x134 Drivers/STM32F3xx_HAL_Driver/Src/stm32f3xx_hal_tim.o
                0x0000000008004af4                TIM_Base_SetConfig
 .text.TIM_OC1_SetConfig
                0x0000000008004c28       0xf4 Drivers/STM32F3xx_HAL_Driver/Src/stm32f3xx_hal_tim.o
 .text.TIM_OC2_SetConfig
                0x0000000008004d1c       0xc4 Drivers/STM32F3xx_HAL_Driver/Src/stm32f3xx_hal_tim.o
                0x0000000008004d1c                TIM_OC2_SetConfig
 .text.TIM_OC3_SetConfig
                0x0000000008004de0       0x7c Drivers/STM32F3xx_HAL_Driver/Src/stm32f3xx_hal_tim.o
 .text.TIM_OC4_SetConfig
                0x0000000008004e5c       0x7e Drivers/STM32F3xx_HAL_Driver/Src/stm32f3xx_hal_tim.o
 .text.TIM_TI1_ConfigInputStage
                0x0000000008004eda       0x5e Drivers/STM32F3xx_HAL_Driver/Src/stm32f3xx_hal_tim.o
 .text.TIM_TI2_ConfigInputStage
                0x0000000008004f38       0x60 Drivers/STM32F3xx_HAL_Driver/Src/stm32f3xx_hal_tim.o
 .text.TIM_ITRx_SetConfig
                0x0000000008004f98       0x36 Drivers/STM32F3xx_HAL_Driver/Src/stm32f3xx_hal_tim.o
 .text.TIM_ETR_SetConfig
                0x0000000008004fce       0x40 Drivers/STM32F3xx_HAL_Driver/Src/stm32f3xx_hal_tim.o
                0x0000000008004fce                TIM_ETR_SetConfig
 .text.TIM_CCxChannelCmd
                0x000000000800500e       0x4a Drivers/STM32F3xx_HAL_Driver/Src/stm32f3xx_hal_tim.o
                0x000000000800500e                TIM_CCxChannelCmd
 .text.HAL_TIMEx_MasterConfigSynchronization
                0x0000000008005058       0xe8 Drivers/STM32F3xx_HAL_Driver/Src/stm32f3xx_hal_tim_ex.o
                0x0000000008005058                HAL_TIMEx_MasterConfigSynchronization
 .text.__libc_init_array
                0x0000000008005140       0x48 c:/st/stm32cubeide_1.4.0/stm32cubeide/plugins/com.st.stm32cube.ide.mcu.externaltools.gnu-tools-for-stm32.7-2018-q2-update.win32_1.4.0.202007081208/tools/bin/../lib/gcc/arm-none-eabi/7.3.1/../../../../arm-none-eabi/lib/thumb/v7e-m/fpv4-sp/hard\libc_nano.a(lib_a-init.o)
                0x0000000008005140                __libc_init_array
 .text.memset   0x0000000008005188       0x10 c:/st/stm32cubeide_1.4.0/stm32cubeide/plugins/com.st.stm32cube.ide.mcu.externaltools.gnu-tools-for-stm32.7-2018-q2-update.win32_1.4.0.202007081208/tools/bin/../lib/gcc/arm-none-eabi/7.3.1/../../../../arm-none-eabi/lib/thumb/v7e-m/fpv4-sp/hard\libc_nano.a(lib_a-memset.o)
                0x0000000008005188                memset
 *(.glue_7)
 .glue_7        0x0000000008005198        0x0 linker stubs
 *(.glue_7t)
 .glue_7t       0x0000000008005198        0x0 linker stubs
 *(.eh_frame)
 .eh_frame      0x0000000008005198        0x0 c:/st/stm32cubeide_1.4.0/stm32cubeide/plugins/com.st.stm32cube.ide.mcu.externaltools.gnu-tools-for-stm32.7-2018-q2-update.win32_1.4.0.202007081208/tools/bin/../lib/gcc/arm-none-eabi/7.3.1/thumb/v7e-m/fpv4-sp/hard/crtbegin.o
 *(.init)
 .init          0x0000000008005198        0x4 c:/st/stm32cubeide_1.4.0/stm32cubeide/plugins/com.st.stm32cube.ide.mcu.externaltools.gnu-tools-for-stm32.7-2018-q2-update.win32_1.4.0.202007081208/tools/bin/../lib/gcc/arm-none-eabi/7.3.1/thumb/v7e-m/fpv4-sp/hard/crti.o
                0x0000000008005198                _init
 .init          0x000000000800519c        0x8 c:/st/stm32cubeide_1.4.0/stm32cubeide/plugins/com.st.stm32cube.ide.mcu.externaltools.gnu-tools-for-stm32.7-2018-q2-update.win32_1.4.0.202007081208/tools/bin/../lib/gcc/arm-none-eabi/7.3.1/thumb/v7e-m/fpv4-sp/hard/crtn.o
 *(.fini)
 .fini          0x00000000080051a4        0x4 c:/st/stm32cubeide_1.4.0/stm32cubeide/plugins/com.st.stm32cube.ide.mcu.externaltools.gnu-tools-for-stm32.7-2018-q2-update.win32_1.4.0.202007081208/tools/bin/../lib/gcc/arm-none-eabi/7.3.1/thumb/v7e-m/fpv4-sp/hard/crti.o
                0x00000000080051a4                _fini
 .fini          0x00000000080051a8        0x8 c:/st/stm32cubeide_1.4.0/stm32cubeide/plugins/com.st.stm32cube.ide.mcu.externaltools.gnu-tools-for-stm32.7-2018-q2-update.win32_1.4.0.202007081208/tools/bin/../lib/gcc/arm-none-eabi/7.3.1/thumb/v7e-m/fpv4-sp/hard/crtn.o
                0x00000000080051b0                . = ALIGN (0x4)
                0x00000000080051b0                _etext = .

.vfp11_veneer   0x00000000080051b0        0x0
 .vfp11_veneer  0x00000000080051b0        0x0 linker stubs

.v4_bx          0x00000000080051b0        0x0
 .v4_bx         0x00000000080051b0        0x0 linker stubs

.iplt           0x00000000080051b0        0x0
 .iplt          0x00000000080051b0        0x0 c:/st/stm32cubeide_1.4.0/stm32cubeide/plugins/com.st.stm32cube.ide.mcu.externaltools.gnu-tools-for-stm32.7-2018-q2-update.win32_1.4.0.202007081208/tools/bin/../lib/gcc/arm-none-eabi/7.3.1/thumb/v7e-m/fpv4-sp/hard/crtbegin.o

.rodata         0x00000000080051b0       0x30
                0x00000000080051b0                . = ALIGN (0x4)
 *(.rodata)
 *(.rodata*)
 .rodata.AHBPrescTable
                0x00000000080051b0       0x10 Core/Src/system_stm32f3xx.o
                0x00000000080051b0                AHBPrescTable
 .rodata.aPLLMULFactorTable
                0x00000000080051c0       0x10 Drivers/STM32F3xx_HAL_Driver/Src/stm32f3xx_hal_rcc.o
                0x00000000080051c0                aPLLMULFactorTable
 .rodata.aPredivFactorTable
                0x00000000080051d0       0x10 Drivers/STM32F3xx_HAL_Driver/Src/stm32f3xx_hal_rcc.o
                0x00000000080051d0                aPredivFactorTable
                0x00000000080051e0                . = ALIGN (0x4)

.rel.dyn        0x00000000080051e0        0x0
 .rel.iplt      0x00000000080051e0        0x0 c:/st/stm32cubeide_1.4.0/stm32cubeide/plugins/com.st.stm32cube.ide.mcu.externaltools.gnu-tools-for-stm32.7-2018-q2-update.win32_1.4.0.202007081208/tools/bin/../lib/gcc/arm-none-eabi/7.3.1/thumb/v7e-m/fpv4-sp/hard/crtbegin.o

.ARM.extab      0x00000000080051e0        0x0
                0x00000000080051e0                . = ALIGN (0x4)
 *(.ARM.extab* .gnu.linkonce.armextab.*)
                0x00000000080051e0                . = ALIGN (0x4)

.ARM            0x00000000080051e0        0x0
                0x00000000080051e0                . = ALIGN (0x4)
                0x00000000080051e0                __exidx_start = .
 *(.ARM.exidx*)
                0x00000000080051e0                __exidx_end = .
                0x00000000080051e0                . = ALIGN (0x4)

.preinit_array  0x00000000080051e0        0x0
                0x00000000080051e0                . = ALIGN (0x4)
                0x00000000080051e0                PROVIDE (__preinit_array_start = .)
 *(.preinit_array*)
                0x00000000080051e0                PROVIDE (__preinit_array_end = .)
                0x00000000080051e0                . = ALIGN (0x4)

.init_array     0x00000000080051e0        0x4
                0x00000000080051e0                . = ALIGN (0x4)
                0x00000000080051e0                PROVIDE (__init_array_start = .)
 *(SORT_BY_NAME(.init_array.*))
 *(.init_array*)
 .init_array    0x00000000080051e0        0x4 c:/st/stm32cubeide_1.4.0/stm32cubeide/plugins/com.st.stm32cube.ide.mcu.externaltools.gnu-tools-for-stm32.7-2018-q2-update.win32_1.4.0.202007081208/tools/bin/../lib/gcc/arm-none-eabi/7.3.1/thumb/v7e-m/fpv4-sp/hard/crtbegin.o
                0x00000000080051e4                PROVIDE (__init_array_end = .)
                0x00000000080051e4                . = ALIGN (0x4)

.fini_array     0x00000000080051e4        0x4
                0x00000000080051e4                . = ALIGN (0x4)
                [!provide]                        PROVIDE (__fini_array_start = .)
 *(SORT_BY_NAME(.fini_array.*))
 *(.fini_array*)
 .fini_array    0x00000000080051e4        0x4 c:/st/stm32cubeide_1.4.0/stm32cubeide/plugins/com.st.stm32cube.ide.mcu.externaltools.gnu-tools-for-stm32.7-2018-q2-update.win32_1.4.0.202007081208/tools/bin/../lib/gcc/arm-none-eabi/7.3.1/thumb/v7e-m/fpv4-sp/hard/crtbegin.o
                [!provide]                        PROVIDE (__fini_array_end = .)
                0x00000000080051e8                . = ALIGN (0x4)
                0x00000000080051e8                _sidata = LOADADDR (.data)

.data           0x0000000020000000       0x30 load address 0x00000000080051e8
                0x0000000020000000                . = ALIGN (0x4)
                0x0000000020000000                _sdata = .
 *(.data)
 *(.data*)
 .data.SystemCoreClock
                0x0000000020000000        0x4 Core/Src/system_stm32f3xx.o
                0x0000000020000000                SystemCoreClock
 .data.Vref     0x0000000020000004        0x4 Core/Src/temp_controller.o
                0x0000000020000004                Vref
 .data.lookup_temp_table
                0x0000000020000008       0x20 Core/Src/temp_controller.o
                0x0000000020000008                lookup_temp_table
 .data.uwTickPrio
                0x0000000020000028        0x4 Drivers/STM32F3xx_HAL_Driver/Src/stm32f3xx_hal.o
                0x0000000020000028                uwTickPrio
 .data.uwTickFreq
                0x000000002000002c        0x1 Drivers/STM32F3xx_HAL_Driver/Src/stm32f3xx_hal.o
                0x000000002000002c                uwTickFreq
                0x0000000020000030                . = ALIGN (0x4)
 *fill*         0x000000002000002d        0x3 
                0x0000000020000030                _edata = .

.igot.plt       0x0000000020000030        0x0 load address 0x0000000008005218
 .igot.plt      0x0000000020000030        0x0 c:/st/stm32cubeide_1.4.0/stm32cubeide/plugins/com.st.stm32cube.ide.mcu.externaltools.gnu-tools-for-stm32.7-2018-q2-update.win32_1.4.0.202007081208/tools/bin/../lib/gcc/arm-none-eabi/7.3.1/thumb/v7e-m/fpv4-sp/hard/crtbegin.o
                0x0000000020000030                . = ALIGN (0x4)

.bss            0x0000000020000030      0x5e8 load address 0x0000000008005218
                0x0000000020000030                _sbss = .
                0x0000000020000030                __bss_start__ = _sbss
 *(.bss)
 .bss           0x0000000020000030       0x1c c:/st/stm32cubeide_1.4.0/stm32cubeide/plugins/com.st.stm32cube.ide.mcu.externaltools.gnu-tools-for-stm32.7-2018-q2-update.win32_1.4.0.202007081208/tools/bin/../lib/gcc/arm-none-eabi/7.3.1/thumb/v7e-m/fpv4-sp/hard/crtbegin.o
 *(.bss*)
 .bss.SSD1306_Buffer
                0x000000002000004c      0x400 Core/Src/ssd1306.o
 .bss.SSD1306   0x000000002000044c        0x6 Core/Src/ssd1306.o
 *fill*         0x0000000020000452        0x2 
 .bss.x.8322    0x0000000020000454        0x4 Core/Src/temp_controller.o
 .bss.y.8323    0x0000000020000458        0x4 Core/Src/temp_controller.o
 *(COMMON)
 COMMON         0x000000002000045c      0x164 Core/Src/main.o
                0x000000002000045c                hdma_sdadc1
                0x00000000200004a0                hi2c1
                0x00000000200004ec                hi2c2
                0x0000000020000538                hsdadc1
                0x000000002000057c                adc_buf
                0x0000000020000580                htim2
 COMMON         0x00000000200005c0       0x54 Core/Src/temp_controller.o
                0x00000000200005c0                BMP280_sensor
                0x00000000200005cc                bmp280
                0x0000000020000600                ntc
                0x0000000020000610                temp_controller
 COMMON         0x0000000020000614        0x4 Drivers/STM32F3xx_HAL_Driver/Src/stm32f3xx_hal.o
                0x0000000020000614                uwTick
                0x0000000020000618                . = ALIGN (0x4)
                0x0000000020000618                _ebss = .
                0x0000000020000618                __bss_end__ = _ebss

._user_heap_stack
                0x0000000020000618      0x600 load address 0x0000000008005218
                0x0000000020000618                . = ALIGN (0x8)
                [!provide]                        PROVIDE (end = .)
                0x0000000020000618                PROVIDE (_end = .)
                0x0000000020000818                . = (. + _Min_Heap_Size)
 *fill*         0x0000000020000618      0x200 
                0x0000000020000c18                . = (. + _Min_Stack_Size)
 *fill*         0x0000000020000818      0x400 
                0x0000000020000c18                . = ALIGN (0x8)

/DISCARD/
 libc.a(*)
 libm.a(*)
 libgcc.a(*)

.ARM.attributes
                0x0000000000000000       0x30
 *(.ARM.attributes)
 .ARM.attributes
                0x0000000000000000       0x22 c:/st/stm32cubeide_1.4.0/stm32cubeide/plugins/com.st.stm32cube.ide.mcu.externaltools.gnu-tools-for-stm32.7-2018-q2-update.win32_1.4.0.202007081208/tools/bin/../lib/gcc/arm-none-eabi/7.3.1/thumb/v7e-m/fpv4-sp/hard/crti.o
 .ARM.attributes
                0x0000000000000022       0x34 c:/st/stm32cubeide_1.4.0/stm32cubeide/plugins/com.st.stm32cube.ide.mcu.externaltools.gnu-tools-for-stm32.7-2018-q2-update.win32_1.4.0.202007081208/tools/bin/../lib/gcc/arm-none-eabi/7.3.1/thumb/v7e-m/fpv4-sp/hard/crtbegin.o
 .ARM.attributes
                0x0000000000000056       0x39 Core/Src/main.o
 .ARM.attributes
                0x000000000000008f       0x39 Core/Src/ssd1306.o
 .ARM.attributes
                0x00000000000000c8       0x39 Core/Src/stm32f3xx_hal_msp.o
 .ARM.attributes
                0x0000000000000101       0x39 Core/Src/stm32f3xx_it.o
 .ARM.attributes
                0x000000000000013a       0x39 Core/Src/system_stm32f3xx.o
 .ARM.attributes
                0x0000000000000173       0x39 Core/Src/temp_controller.o
 .ARM.attributes
                0x00000000000001ac       0x21 Core/Startup/startup_stm32f373cctx.o
 .ARM.attributes
                0x00000000000001cd       0x39 Drivers/STM32F3xx_HAL_Driver/Src/stm32f3xx_hal.o
 .ARM.attributes
                0x0000000000000206       0x39 Drivers/STM32F3xx_HAL_Driver/Src/stm32f3xx_hal_cortex.o
 .ARM.attributes
                0x000000000000023f       0x39 Drivers/STM32F3xx_HAL_Driver/Src/stm32f3xx_hal_dma.o
 .ARM.attributes
                0x0000000000000278       0x39 Drivers/STM32F3xx_HAL_Driver/Src/stm32f3xx_hal_gpio.o
 .ARM.attributes
                0x00000000000002b1       0x39 Drivers/STM32F3xx_HAL_Driver/Src/stm32f3xx_hal_i2c.o
 .ARM.attributes
                0x00000000000002ea       0x39 Drivers/STM32F3xx_HAL_Driver/Src/stm32f3xx_hal_i2c_ex.o
 .ARM.attributes
                0x0000000000000323       0x39 Drivers/STM32F3xx_HAL_Driver/Src/stm32f3xx_hal_pwr_ex.o
 .ARM.attributes
                0x000000000000035c       0x39 Drivers/STM32F3xx_HAL_Driver/Src/stm32f3xx_hal_rcc.o
 .ARM.attributes
                0x0000000000000395       0x39 Drivers/STM32F3xx_HAL_Driver/Src/stm32f3xx_hal_rcc_ex.o
 .ARM.attributes
                0x00000000000003ce       0x39 Drivers/STM32F3xx_HAL_Driver/Src/stm32f3xx_hal_sdadc.o
 .ARM.attributes
                0x0000000000000407       0x39 Drivers/STM32F3xx_HAL_Driver/Src/stm32f3xx_hal_tim.o
 .ARM.attributes
                0x0000000000000440       0x39 Drivers/STM32F3xx_HAL_Driver/Src/stm32f3xx_hal_tim_ex.o
 .ARM.attributes
                0x0000000000000479       0x34 c:/st/stm32cubeide_1.4.0/stm32cubeide/plugins/com.st.stm32cube.ide.mcu.externaltools.gnu-tools-for-stm32.7-2018-q2-update.win32_1.4.0.202007081208/tools/bin/../lib/gcc/arm-none-eabi/7.3.1/../../../../arm-none-eabi/lib/thumb/v7e-m/fpv4-sp/hard\libc_nano.a(lib_a-init.o)
 .ARM.attributes
                0x00000000000004ad       0x34 c:/st/stm32cubeide_1.4.0/stm32cubeide/plugins/com.st.stm32cube.ide.mcu.externaltools.gnu-tools-for-stm32.7-2018-q2-update.win32_1.4.0.202007081208/tools/bin/../lib/gcc/arm-none-eabi/7.3.1/../../../../arm-none-eabi/lib/thumb/v7e-m/fpv4-sp/hard\libc_nano.a(lib_a-memset.o)
 .ARM.attributes
                0x00000000000004e1       0x22 c:/st/stm32cubeide_1.4.0/stm32cubeide/plugins/com.st.stm32cube.ide.mcu.externaltools.gnu-tools-for-stm32.7-2018-q2-update.win32_1.4.0.202007081208/tools/bin/../lib/gcc/arm-none-eabi/7.3.1/thumb/v7e-m/fpv4-sp/hard\libgcc.a(_arm_addsubdf3.o)
 .ARM.attributes
                0x0000000000000503       0x22 c:/st/stm32cubeide_1.4.0/stm32cubeide/plugins/com.st.stm32cube.ide.mcu.externaltools.gnu-tools-for-stm32.7-2018-q2-update.win32_1.4.0.202007081208/tools/bin/../lib/gcc/arm-none-eabi/7.3.1/thumb/v7e-m/fpv4-sp/hard\libgcc.a(_arm_muldivdf3.o)
 .ARM.attributes
                0x0000000000000525       0x22 c:/st/stm32cubeide_1.4.0/stm32cubeide/plugins/com.st.stm32cube.ide.mcu.externaltools.gnu-tools-for-stm32.7-2018-q2-update.win32_1.4.0.202007081208/tools/bin/../lib/gcc/arm-none-eabi/7.3.1/thumb/v7e-m/fpv4-sp/hard\libgcc.a(_arm_truncdfsf2.o)
 .ARM.attributes
                0x0000000000000547       0x22 c:/st/stm32cubeide_1.4.0/stm32cubeide/plugins/com.st.stm32cube.ide.mcu.externaltools.gnu-tools-for-stm32.7-2018-q2-update.win32_1.4.0.202007081208/tools/bin/../lib/gcc/arm-none-eabi/7.3.1/thumb/v7e-m/fpv4-sp/hard/crtn.o
OUTPUT(Temperature controller.elf elf32-littlearm)

.debug_info     0x0000000000000000    0x10cca
 .debug_info    0x0000000000000000     0x14d8 Core/Src/main.o
 .debug_info    0x00000000000014d8      0x92b Core/Src/ssd1306.o
 .debug_info    0x0000000000001e03     0x122a Core/Src/stm32f3xx_hal_msp.o
 .debug_info    0x000000000000302d      0xab0 Core/Src/stm32f3xx_it.o
 .debug_info    0x0000000000003add      0x45c Core/Src/system_stm32f3xx.o
 .debug_info    0x0000000000003f39     0x12f1 Core/Src/temp_controller.o
 .debug_info    0x000000000000522a       0x22 Core/Startup/startup_stm32f373cctx.o
 .debug_info    0x000000000000524c      0x7d6 Drivers/STM32F3xx_HAL_Driver/Src/stm32f3xx_hal.o
 .debug_info    0x0000000000005a22      0xd8d Drivers/STM32F3xx_HAL_Driver/Src/stm32f3xx_hal_cortex.o
 .debug_info    0x00000000000067af      0x7cb Drivers/STM32F3xx_HAL_Driver/Src/stm32f3xx_hal_dma.o
 .debug_info    0x0000000000006f7a      0x6a3 Drivers/STM32F3xx_HAL_Driver/Src/stm32f3xx_hal_gpio.o
 .debug_info    0x000000000000761d     0x1fe5 Drivers/STM32F3xx_HAL_Driver/Src/stm32f3xx_hal_i2c.o
 .debug_info    0x0000000000009602      0x8de Drivers/STM32F3xx_HAL_Driver/Src/stm32f3xx_hal_i2c_ex.o
 .debug_info    0x0000000000009ee0      0x3d8 Drivers/STM32F3xx_HAL_Driver/Src/stm32f3xx_hal_pwr_ex.o
 .debug_info    0x000000000000a2b8     0x180f Drivers/STM32F3xx_HAL_Driver/Src/stm32f3xx_hal_rcc.o
 .debug_info    0x000000000000bac7      0x66b Drivers/STM32F3xx_HAL_Driver/Src/stm32f3xx_hal_rcc_ex.o
 .debug_info    0x000000000000c132     0x1535 Drivers/STM32F3xx_HAL_Driver/Src/stm32f3xx_hal_sdadc.o
 .debug_info    0x000000000000d667     0x2551 Drivers/STM32F3xx_HAL_Driver/Src/stm32f3xx_hal_tim.o
 .debug_info    0x000000000000fbb8     0x1112 Drivers/STM32F3xx_HAL_Driver/Src/stm32f3xx_hal_tim_ex.o

.debug_abbrev   0x0000000000000000     0x23de
 .debug_abbrev  0x0000000000000000      0x217 Core/Src/main.o
 .debug_abbrev  0x0000000000000217      0x1e9 Core/Src/ssd1306.o
 .debug_abbrev  0x0000000000000400      0x214 Core/Src/stm32f3xx_hal_msp.o
 .debug_abbrev  0x0000000000000614      0x165 Core/Src/stm32f3xx_it.o
 .debug_abbrev  0x0000000000000779      0x12b Core/Src/system_stm32f3xx.o
 .debug_abbrev  0x00000000000008a4      0x22d Core/Src/temp_controller.o
 .debug_abbrev  0x0000000000000ad1       0x12 Core/Startup/startup_stm32f373cctx.o
 .debug_abbrev  0x0000000000000ae3      0x1c7 Drivers/STM32F3xx_HAL_Driver/Src/stm32f3xx_hal.o
 .debug_abbrev  0x0000000000000caa      0x2fa Drivers/STM32F3xx_HAL_Driver/Src/stm32f3xx_hal_cortex.o
 .debug_abbrev  0x0000000000000fa4      0x1fe Drivers/STM32F3xx_HAL_Driver/Src/stm32f3xx_hal_dma.o
 .debug_abbrev  0x00000000000011a2      0x1c0 Drivers/STM32F3xx_HAL_Driver/Src/stm32f3xx_hal_gpio.o
 .debug_abbrev  0x0000000000001362      0x22a Drivers/STM32F3xx_HAL_Driver/Src/stm32f3xx_hal_i2c.o
 .debug_abbrev  0x000000000000158c      0x1b9 Drivers/STM32F3xx_HAL_Driver/Src/stm32f3xx_hal_i2c_ex.o
 .debug_abbrev  0x0000000000001745      0x16d Drivers/STM32F3xx_HAL_Driver/Src/stm32f3xx_hal_pwr_ex.o
 .debug_abbrev  0x00000000000018b2      0x28c Drivers/STM32F3xx_HAL_Driver/Src/stm32f3xx_hal_rcc.o
 .debug_abbrev  0x0000000000001b3e      0x219 Drivers/STM32F3xx_HAL_Driver/Src/stm32f3xx_hal_rcc_ex.o
 .debug_abbrev  0x0000000000001d57      0x239 Drivers/STM32F3xx_HAL_Driver/Src/stm32f3xx_hal_sdadc.o
 .debug_abbrev  0x0000000000001f90      0x230 Drivers/STM32F3xx_HAL_Driver/Src/stm32f3xx_hal_tim.o
 .debug_abbrev  0x00000000000021c0      0x21e Drivers/STM32F3xx_HAL_Driver/Src/stm32f3xx_hal_tim_ex.o

.debug_aranges  0x0000000000000000     0x1028
 .debug_aranges
                0x0000000000000000       0x60 Core/Src/main.o
 .debug_aranges
                0x0000000000000060       0x58 Core/Src/ssd1306.o
 .debug_aranges
                0x00000000000000b8       0x58 Core/Src/stm32f3xx_hal_msp.o
 .debug_aranges
                0x0000000000000110       0x78 Core/Src/stm32f3xx_it.o
 .debug_aranges
                0x0000000000000188       0x28 Core/Src/system_stm32f3xx.o
 .debug_aranges
                0x00000000000001b0       0x90 Core/Src/temp_controller.o
 .debug_aranges
                0x0000000000000240       0x28 Core/Startup/startup_stm32f373cctx.o
 .debug_aranges
                0x0000000000000268       0xe0 Drivers/STM32F3xx_HAL_Driver/Src/stm32f3xx_hal.o
 .debug_aranges
                0x0000000000000348      0x118 Drivers/STM32F3xx_HAL_Driver/Src/stm32f3xx_hal_cortex.o
 .debug_aranges
                0x0000000000000460       0x88 Drivers/STM32F3xx_HAL_Driver/Src/stm32f3xx_hal_dma.o
 .debug_aranges
                0x00000000000004e8       0x58 Drivers/STM32F3xx_HAL_Driver/Src/stm32f3xx_hal_gpio.o
 .debug_aranges
                0x0000000000000540      0x290 Drivers/STM32F3xx_HAL_Driver/Src/stm32f3xx_hal_i2c.o
 .debug_aranges
                0x00000000000007d0       0x48 Drivers/STM32F3xx_HAL_Driver/Src/stm32f3xx_hal_i2c_ex.o
 .debug_aranges
                0x0000000000000818       0x50 Drivers/STM32F3xx_HAL_Driver/Src/stm32f3xx_hal_pwr_ex.o
 .debug_aranges
                0x0000000000000868       0x88 Drivers/STM32F3xx_HAL_Driver/Src/stm32f3xx_hal_rcc.o
 .debug_aranges
                0x00000000000008f0       0x38 Drivers/STM32F3xx_HAL_Driver/Src/stm32f3xx_hal_rcc_ex.o
 .debug_aranges
                0x0000000000000928      0x1f8 Drivers/STM32F3xx_HAL_Driver/Src/stm32f3xx_hal_sdadc.o
 .debug_aranges
                0x0000000000000b20      0x3b8 Drivers/STM32F3xx_HAL_Driver/Src/stm32f3xx_hal_tim.o
 .debug_aranges
                0x0000000000000ed8      0x150 Drivers/STM32F3xx_HAL_Driver/Src/stm32f3xx_hal_tim_ex.o

.debug_ranges   0x0000000000000000      0xf00
 .debug_ranges  0x0000000000000000       0x50 Core/Src/main.o
 .debug_ranges  0x0000000000000050       0x48 Core/Src/ssd1306.o
 .debug_ranges  0x0000000000000098       0x48 Core/Src/stm32f3xx_hal_msp.o
 .debug_ranges  0x00000000000000e0       0x68 Core/Src/stm32f3xx_it.o
 .debug_ranges  0x0000000000000148       0x18 Core/Src/system_stm32f3xx.o
 .debug_ranges  0x0000000000000160       0x80 Core/Src/temp_controller.o
 .debug_ranges  0x00000000000001e0       0x20 Core/Startup/startup_stm32f373cctx.o
 .debug_ranges  0x0000000000000200       0xd0 Drivers/STM32F3xx_HAL_Driver/Src/stm32f3xx_hal.o
 .debug_ranges  0x00000000000002d0      0x108 Drivers/STM32F3xx_HAL_Driver/Src/stm32f3xx_hal_cortex.o
 .debug_ranges  0x00000000000003d8       0x78 Drivers/STM32F3xx_HAL_Driver/Src/stm32f3xx_hal_dma.o
 .debug_ranges  0x0000000000000450       0x48 Drivers/STM32F3xx_HAL_Driver/Src/stm32f3xx_hal_gpio.o
 .debug_ranges  0x0000000000000498      0x280 Drivers/STM32F3xx_HAL_Driver/Src/stm32f3xx_hal_i2c.o
 .debug_ranges  0x0000000000000718       0x38 Drivers/STM32F3xx_HAL_Driver/Src/stm32f3xx_hal_i2c_ex.o
 .debug_ranges  0x0000000000000750       0x40 Drivers/STM32F3xx_HAL_Driver/Src/stm32f3xx_hal_pwr_ex.o
 .debug_ranges  0x0000000000000790       0x78 Drivers/STM32F3xx_HAL_Driver/Src/stm32f3xx_hal_rcc.o
 .debug_ranges  0x0000000000000808       0x28 Drivers/STM32F3xx_HAL_Driver/Src/stm32f3xx_hal_rcc_ex.o
 .debug_ranges  0x0000000000000830      0x1e8 Drivers/STM32F3xx_HAL_Driver/Src/stm32f3xx_hal_sdadc.o
 .debug_ranges  0x0000000000000a18      0x3a8 Drivers/STM32F3xx_HAL_Driver/Src/stm32f3xx_hal_tim.o
 .debug_ranges  0x0000000000000dc0      0x140 Drivers/STM32F3xx_HAL_Driver/Src/stm32f3xx_hal_tim_ex.o

.debug_macro    0x0000000000000000     0x23d7
 .debug_macro   0x0000000000000000      0x21a Core/Src/main.o
 .debug_macro   0x000000000000021a       0x22 Core/Src/main.o
 .debug_macro   0x000000000000023c       0x1c Core/Src/main.o
 .debug_macro   0x0000000000000258       0x22 Core/Src/main.o
 .debug_macro   0x000000000000027a       0xb2 Core/Src/main.o
 .debug_macro   0x000000000000032c      0x1d7 Core/Src/ssd1306.o
 .debug_macro   0x0000000000000503      0x21a Core/Src/stm32f3xx_hal_msp.o
 .debug_macro   0x000000000000071d      0x224 Core/Src/stm32f3xx_it.o
 .debug_macro   0x0000000000000941      0x1ca Core/Src/system_stm32f3xx.o
 .debug_macro   0x0000000000000b0b      0x21a Core/Src/temp_controller.o
 .debug_macro   0x0000000000000d25      0x1e8 Drivers/STM32F3xx_HAL_Driver/Src/stm32f3xx_hal.o
 .debug_macro   0x0000000000000f0d      0x1c4 Drivers/STM32F3xx_HAL_Driver/Src/stm32f3xx_hal_cortex.o
 .debug_macro   0x00000000000010d1      0x1c4 Drivers/STM32F3xx_HAL_Driver/Src/stm32f3xx_hal_dma.o
 .debug_macro   0x0000000000001295      0x1fc Drivers/STM32F3xx_HAL_Driver/Src/stm32f3xx_hal_gpio.o
 .debug_macro   0x0000000000001491      0x289 Drivers/STM32F3xx_HAL_Driver/Src/stm32f3xx_hal_i2c.o
 .debug_macro   0x000000000000171a      0x1c4 Drivers/STM32F3xx_HAL_Driver/Src/stm32f3xx_hal_i2c_ex.o
 .debug_macro   0x00000000000018de      0x1dc Drivers/STM32F3xx_HAL_Driver/Src/stm32f3xx_hal_pwr_ex.o
 .debug_macro   0x0000000000001aba      0x1e8 Drivers/STM32F3xx_HAL_Driver/Src/stm32f3xx_hal_rcc.o
 .debug_macro   0x0000000000001ca2      0x1c4 Drivers/STM32F3xx_HAL_Driver/Src/stm32f3xx_hal_rcc_ex.o
 .debug_macro   0x0000000000001e66      0x1e8 Drivers/STM32F3xx_HAL_Driver/Src/stm32f3xx_hal_sdadc.o
 .debug_macro   0x000000000000204e      0x1c5 Drivers/STM32F3xx_HAL_Driver/Src/stm32f3xx_hal_tim.o
 .debug_macro   0x0000000000002213      0x1c4 Drivers/STM32F3xx_HAL_Driver/Src/stm32f3xx_hal_tim_ex.o

.debug_line     0x0000000000000000     0xc7bf
 .debug_line    0x0000000000000000      0x83b Core/Src/main.o
 .debug_line    0x000000000000083b      0x7be Core/Src/ssd1306.o
 .debug_line    0x0000000000000ff9      0x7f2 Core/Src/stm32f3xx_hal_msp.o
 .debug_line    0x00000000000017eb      0x806 Core/Src/stm32f3xx_it.o
 .debug_line    0x0000000000001ff1      0x6af Core/Src/system_stm32f3xx.o
 .debug_line    0x00000000000026a0      0x845 Core/Src/temp_controller.o
 .debug_line    0x0000000000002ee5       0x85 Core/Startup/startup_stm32f373cctx.o
 .debug_line    0x0000000000002f6a      0x86c Drivers/STM32F3xx_HAL_Driver/Src/stm32f3xx_hal.o
 .debug_line    0x00000000000037d6      0x9a1 Drivers/STM32F3xx_HAL_Driver/Src/stm32f3xx_hal_cortex.o
 .debug_line    0x0000000000004177      0x8ab Drivers/STM32F3xx_HAL_Driver/Src/stm32f3xx_hal_dma.o
 .debug_line    0x0000000000004a22      0x81f Drivers/STM32F3xx_HAL_Driver/Src/stm32f3xx_hal_gpio.o
 .debug_line    0x0000000000005241     0x1a74 Drivers/STM32F3xx_HAL_Driver/Src/stm32f3xx_hal_i2c.o
 .debug_line    0x0000000000006cb5      0x7d5 Drivers/STM32F3xx_HAL_Driver/Src/stm32f3xx_hal_i2c_ex.o
 .debug_line    0x000000000000748a      0x71a Drivers/STM32F3xx_HAL_Driver/Src/stm32f3xx_hal_pwr_ex.o
 .debug_line    0x0000000000007ba4      0xde4 Drivers/STM32F3xx_HAL_Driver/Src/stm32f3xx_hal_rcc.o
 .debug_line    0x0000000000008988      0x8c8 Drivers/STM32F3xx_HAL_Driver/Src/stm32f3xx_hal_rcc_ex.o
 .debug_line    0x0000000000009250      0xf63 Drivers/STM32F3xx_HAL_Driver/Src/stm32f3xx_hal_sdadc.o
 .debug_line    0x000000000000a1b3     0x1963 Drivers/STM32F3xx_HAL_Driver/Src/stm32f3xx_hal_tim.o
 .debug_line    0x000000000000bb16      0xca9 Drivers/STM32F3xx_HAL_Driver/Src/stm32f3xx_hal_tim_ex.o

.debug_str      0x0000000000000000    0x87c12
 .debug_str     0x0000000000000000    0x839a7 Core/Src/main.o
                                      0x84154 (size before relaxing)
 .debug_str     0x00000000000839a7      0x10d Core/Src/ssd1306.o
                                      0x83163 (size before relaxing)
 .debug_str     0x0000000000083ab4       0xcf Core/Src/stm32f3xx_hal_msp.o
                                      0x83dfb (size before relaxing)
 .debug_str     0x0000000000083b83       0xeb Core/Src/stm32f3xx_it.o
                                      0x837c4 (size before relaxing)
 .debug_str     0x0000000000083c6e       0xc7 Core/Src/system_stm32f3xx.o
                                      0x82c07 (size before relaxing)
 .debug_str     0x0000000000083d35      0x4e5 Core/Src/temp_controller.o
                                      0x83dc3 (size before relaxing)
 .debug_str     0x000000000008421a       0x36 Core/Startup/startup_stm32f373cctx.o
                                         0x80 (size before relaxing)
 .debug_str     0x0000000000084250      0x3c1 Drivers/STM32F3xx_HAL_Driver/Src/stm32f3xx_hal.o
                                      0x83332 (size before relaxing)
 .debug_str     0x0000000000084611      0x3af Drivers/STM32F3xx_HAL_Driver/Src/stm32f3xx_hal_cortex.o
                                      0x83440 (size before relaxing)
 .debug_str     0x00000000000849c0      0x252 Drivers/STM32F3xx_HAL_Driver/Src/stm32f3xx_hal_dma.o
                                      0x82f6d (size before relaxing)
 .debug_str     0x0000000000084c12      0x1ee Drivers/STM32F3xx_HAL_Driver/Src/stm32f3xx_hal_gpio.o
                                      0x82e31 (size before relaxing)
 .debug_str     0x0000000000084e00      0xe38 Drivers/STM32F3xx_HAL_Driver/Src/stm32f3xx_hal_i2c.o
                                      0x83e47 (size before relaxing)
 .debug_str     0x0000000000085c38       0xf3 Drivers/STM32F3xx_HAL_Driver/Src/stm32f3xx_hal_i2c_ex.o
                                      0x83133 (size before relaxing)
 .debug_str     0x0000000000085d2b      0x173 Drivers/STM32F3xx_HAL_Driver/Src/stm32f3xx_hal_pwr_ex.o
                                      0x82cd8 (size before relaxing)
 .debug_str     0x0000000000085e9e      0x303 Drivers/STM32F3xx_HAL_Driver/Src/stm32f3xx_hal_rcc.o
                                      0x83061 (size before relaxing)
 .debug_str     0x00000000000861a1       0xd9 Drivers/STM32F3xx_HAL_Driver/Src/stm32f3xx_hal_rcc_ex.o
                                      0x82dc3 (size before relaxing)
 .debug_str     0x000000000008627a      0x70c Drivers/STM32F3xx_HAL_Driver/Src/stm32f3xx_hal_sdadc.o
                                      0x83774 (size before relaxing)
 .debug_str     0x0000000000086986      0xd5d Drivers/STM32F3xx_HAL_Driver/Src/stm32f3xx_hal_tim.o
                                      0x83d8e (size before relaxing)
 .debug_str     0x00000000000876e3      0x52f Drivers/STM32F3xx_HAL_Driver/Src/stm32f3xx_hal_tim_ex.o
                                      0x83542 (size before relaxing)

.comment        0x0000000000000000       0x7b
 .comment       0x0000000000000000       0x7b Core/Src/main.o
                                         0x7c (size before relaxing)
 .comment       0x000000000000007b       0x7c Core/Src/ssd1306.o
 .comment       0x000000000000007b       0x7c Core/Src/stm32f3xx_hal_msp.o
 .comment       0x000000000000007b       0x7c Core/Src/stm32f3xx_it.o
 .comment       0x000000000000007b       0x7c Core/Src/system_stm32f3xx.o
 .comment       0x000000000000007b       0x7c Core/Src/temp_controller.o
 .comment       0x000000000000007b       0x7c Drivers/STM32F3xx_HAL_Driver/Src/stm32f3xx_hal.o
 .comment       0x000000000000007b       0x7c Drivers/STM32F3xx_HAL_Driver/Src/stm32f3xx_hal_cortex.o
 .comment       0x000000000000007b       0x7c Drivers/STM32F3xx_HAL_Driver/Src/stm32f3xx_hal_dma.o
 .comment       0x000000000000007b       0x7c Drivers/STM32F3xx_HAL_Driver/Src/stm32f3xx_hal_gpio.o
 .comment       0x000000000000007b       0x7c Drivers/STM32F3xx_HAL_Driver/Src/stm32f3xx_hal_i2c.o
 .comment       0x000000000000007b       0x7c Drivers/STM32F3xx_HAL_Driver/Src/stm32f3xx_hal_i2c_ex.o
 .comment       0x000000000000007b       0x7c Drivers/STM32F3xx_HAL_Driver/Src/stm32f3xx_hal_pwr_ex.o
 .comment       0x000000000000007b       0x7c Drivers/STM32F3xx_HAL_Driver/Src/stm32f3xx_hal_rcc.o
 .comment       0x000000000000007b       0x7c Drivers/STM32F3xx_HAL_Driver/Src/stm32f3xx_hal_rcc_ex.o
 .comment       0x000000000000007b       0x7c Drivers/STM32F3xx_HAL_Driver/Src/stm32f3xx_hal_sdadc.o
 .comment       0x000000000000007b       0x7c Drivers/STM32F3xx_HAL_Driver/Src/stm32f3xx_hal_tim.o
 .comment       0x000000000000007b       0x7c Drivers/STM32F3xx_HAL_Driver/Src/stm32f3xx_hal_tim_ex.o

.debug_frame    0x0000000000000000     0x4488
 .debug_frame   0x0000000000000000      0x138 Core/Src/main.o
 .debug_frame   0x0000000000000138      0x138 Core/Src/ssd1306.o
 .debug_frame   0x0000000000000270      0x13c Core/Src/stm32f3xx_hal_msp.o
 .debug_frame   0x00000000000003ac      0x160 Core/Src/stm32f3xx_it.o
 .debug_frame   0x000000000000050c       0x58 Core/Src/system_stm32f3xx.o
 .debug_frame   0x0000000000000564      0x200 Core/Src/temp_controller.o
 .debug_frame   0x0000000000000764      0x334 Drivers/STM32F3xx_HAL_Driver/Src/stm32f3xx_hal.o
 .debug_frame   0x0000000000000a98      0x498 Drivers/STM32F3xx_HAL_Driver/Src/stm32f3xx_hal_cortex.o
 .debug_frame   0x0000000000000f30      0x224 Drivers/STM32F3xx_HAL_Driver/Src/stm32f3xx_hal_dma.o
 .debug_frame   0x0000000000001154      0x14c Drivers/STM32F3xx_HAL_Driver/Src/stm32f3xx_hal_gpio.o
 .debug_frame   0x00000000000012a0      0xbe8 Drivers/STM32F3xx_HAL_Driver/Src/stm32f3xx_hal_i2c.o
 .debug_frame   0x0000000000001e88      0x100 Drivers/STM32F3xx_HAL_Driver/Src/stm32f3xx_hal_i2c_ex.o
 .debug_frame   0x0000000000001f88      0x104 Drivers/STM32F3xx_HAL_Driver/Src/stm32f3xx_hal_pwr_ex.o
 .debug_frame   0x000000000000208c      0x214 Drivers/STM32F3xx_HAL_Driver/Src/stm32f3xx_hal_rcc.o
 .debug_frame   0x00000000000022a0       0xb0 Drivers/STM32F3xx_HAL_Driver/Src/stm32f3xx_hal_rcc_ex.o
 .debug_frame   0x0000000000002350      0x8d4 Drivers/STM32F3xx_HAL_Driver/Src/stm32f3xx_hal_sdadc.o
 .debug_frame   0x0000000000002c24     0x1138 Drivers/STM32F3xx_HAL_Driver/Src/stm32f3xx_hal_tim.o
 .debug_frame   0x0000000000003d5c      0x5c0 Drivers/STM32F3xx_HAL_Driver/Src/stm32f3xx_hal_tim_ex.o
 .debug_frame   0x000000000000431c       0x2c c:/st/stm32cubeide_1.4.0/stm32cubeide/plugins/com.st.stm32cube.ide.mcu.externaltools.gnu-tools-for-stm32.7-2018-q2-update.win32_1.4.0.202007081208/tools/bin/../lib/gcc/arm-none-eabi/7.3.1/../../../../arm-none-eabi/lib/thumb/v7e-m/fpv4-sp/hard\libc_nano.a(lib_a-init.o)
 .debug_frame   0x0000000000004348       0x20 c:/st/stm32cubeide_1.4.0/stm32cubeide/plugins/com.st.stm32cube.ide.mcu.externaltools.gnu-tools-for-stm32.7-2018-q2-update.win32_1.4.0.202007081208/tools/bin/../lib/gcc/arm-none-eabi/7.3.1/../../../../arm-none-eabi/lib/thumb/v7e-m/fpv4-sp/hard\libc_nano.a(lib_a-memset.o)
 .debug_frame   0x0000000000004368       0xac c:/st/stm32cubeide_1.4.0/stm32cubeide/plugins/com.st.stm32cube.ide.mcu.externaltools.gnu-tools-for-stm32.7-2018-q2-update.win32_1.4.0.202007081208/tools/bin/../lib/gcc/arm-none-eabi/7.3.1/thumb/v7e-m/fpv4-sp/hard\libgcc.a(_arm_addsubdf3.o)
 .debug_frame   0x0000000000004414       0x50 c:/st/stm32cubeide_1.4.0/stm32cubeide/plugins/com.st.stm32cube.ide.mcu.externaltools.gnu-tools-for-stm32.7-2018-q2-update.win32_1.4.0.202007081208/tools/bin/../lib/gcc/arm-none-eabi/7.3.1/thumb/v7e-m/fpv4-sp/hard\libgcc.a(_arm_muldivdf3.o)
 .debug_frame   0x0000000000004464       0x24 c:/st/stm32cubeide_1.4.0/stm32cubeide/plugins/com.st.stm32cube.ide.mcu.externaltools.gnu-tools-for-stm32.7-2018-q2-update.win32_1.4.0.202007081208/tools/bin/../lib/gcc/arm-none-eabi/7.3.1/thumb/v7e-m/fpv4-sp/hard\libgcc.a(_arm_truncdfsf2.o)
