temp_controller.c:24:6:turn_on_green_LED	8	static
temp_controller.c:27:6:turn_off_green_LED	8	static
temp_controller.c:30:6:toggle_green_LED	8	static
temp_controller.c:33:6:turn_on_red_LED	8	static
temp_controller.c:36:6:turn_off_red_LED	8	static
temp_controller.c:39:6:toggle_red_LED	8	static
temp_controller.c:43:6:blink	8	static
temp_controller.c:49:6:start_pwm	16	static
temp_controller.c:54:6:set_duty_cycle	16	static
temp_controller.c:59:6:update_pid	4	static
temp_controller.c:64:6:HAL_GPIO_EXTI_Callback	24	static
temp_controller.c:75:6:HAL_SDADC_ConvCpltCallback	24	static
temp_controller.c:83:7:lookup_temp	32	static
temp_controller.c:101:6:init_bmp280	32	static
temp_controller.c:115:6:read_bmp280	16	static
